// Vitest Snapshot v1, https://vitest.dev/guide/snapshot.html

exports[`Product component > renders properly when API call completes 1`] = `
<div>
  <div
    class="flex flex-col gap-8 mt-8 font-sans items-center md:grid md:grid-cols-2"
  >
    <img
      alt="An image"
      class="w-full"
      src="www.awebsite.com/something.jpeg"
    />
    <ul
      class="text-white flex flex-col gap-4 w-full"
    >
      <li
        class="flex items-center justify-between"
      >
        <p>
          Photographer:
        </p>
        <a
          class="hover:underline"
        >
          me
        </a>
      </li>
      <li
        class="flex items-center justify-between"
      >
        <p>
          Price:
        </p>
        <p>
          $10000
        </p>
      </li>
      <li
        class="flex items-center justify-between"
      >
        <p>
          Image size
        </p>
        <p>
          3000 x 3000
        </p>
      </li>
      <li
        class="flex items-center justify-between"
      >
        <button
          class="py-2 px-4 bg-gradient-to-r from-forestGreen via-adventurousYellow to-oceanTurquoise rounded-md text-darkGrey transition-all duration-500 ease-in-out   hover:from-foggyBlue hover:to-forestGreen"
          type="button"
        >
          Add to Cart
        </button>
        <div
          class="flex items-center gap-2"
        >
          <button
            class="py-1 px-2 rounded-md text-darkGrey bg-white"
            disabled=""
            type="button"
          >
            -
          </button>
          <span>
            Quantity - 
            1
          </span>
          <button
            class="py-1 px-2 rounded-md text-darkGrey bg-white"
            type="button"
          >
            +
          </button>
        </div>
      </li>
    </ul>
  </div>
</div>
`;
